d:\myproject\backup_cogent_engine\build\cogent_engine.dir\debug\vc143.pdb
d:\myproject\backup_cogent_engine\build\cogent_engine.dir\debug\cogentengine.obj
d:\myproject\backup_cogent_engine\build\cogent_engine.dir\debug\raytracer.obj
d:\myproject\backup_cogent_engine\build\cogent_engine.dir\debug\primitivemesh.obj
d:\myproject\backup_cogent_engine\build\cogent_engine.dir\debug\imguizmo.obj
d:\myproject\backup_cogent_engine\build\cogent_engine.dir\debug\editorui.obj
d:\myproject\backup_cogent_engine\build\cogent_engine.dir\debug\imgui_widgets.obj
d:\myproject\backup_cogent_engine\build\cogent_engine.dir\debug\imgui_tables.obj
d:\myproject\backup_cogent_engine\build\cogent_engine.dir\debug\imgui_impl_vulkan.obj
d:\myproject\backup_cogent_engine\build\cogent_engine.dir\debug\imgui_impl_glfw.obj
d:\myproject\backup_cogent_engine\build\cogent_engine.dir\debug\imgui_demo.obj
d:\myproject\backup_cogent_engine\build\cogent_engine.dir\debug\imgui_draw.obj
d:\myproject\backup_cogent_engine\build\cogent_engine.dir\debug\imgui.obj
d:\myproject\backup_cogent_engine\build\cogent_engine.dir\debug\streamer.obj
d:\myproject\backup_cogent_engine\build\cogent_engine.dir\debug\texture.obj
d:\myproject\backup_cogent_engine\build\cogent_engine.dir\debug\model.obj
d:\myproject\backup_cogent_engine\build\cogent_engine.dir\debug\lightingpass.obj
d:\myproject\backup_cogent_engine\build\cogent_engine.dir\debug\renderpipeline.obj
d:\myproject\backup_cogent_engine\build\cogent_engine.dir\debug\gbuffer.obj
d:\myproject\backup_cogent_engine\build\cogent_engine.dir\debug\embeddedshaders.obj
d:\myproject\backup_cogent_engine\build\cogent_engine.dir\debug\main.obj
d:\myproject\backup_cogent_engine\build\cogent_engine.dir\debug\vulkanutils.obj
d:\myproject\backup_cogent_engine\build\cogent_engine.dir\debug\autoexposurepass.obj
d:\myproject\backup_cogent_engine\build\cogent_engine.dir\debug\ansrpass.obj
d:\myproject\backup_cogent_engine\build\cogent_engine.dir\debug\instancebuffer.obj
d:\myproject\backup_cogent_engine\build\cogent_engine.dir\debug\visibilitysystem.obj
d:\myproject\backup_cogent_engine\build\cogent_engine.dir\debug\screenspaceshadows.obj
d:\myproject\backup_cogent_engine\build\cogent_engine.dir\debug\shadowpass.obj
d:\myproject\backup_cogent_engine\build\cogent_engine.dir\debug\deferredlightingpass.obj
d:\myproject\backup_cogent_engine\build\cogent_engine.dir\debug\rendergraph.obj
d:\myproject\backup_cogent_engine\build\cogent_engine.dir\debug\gpuprofiler.obj
d:\myproject\backup_cogent_engine\build\cogent_engine.dir\debug\pipelinecache.obj
d:\myproject\backup_cogent_engine\build\cogent_engine.dir\debug\swapchain.obj
d:\myproject\backup_cogent_engine\build\cogent_engine.dir\debug\graphicsdevice.obj
d:\myproject\backup_cogent_engine\build\cogent_engine.dir\debug\descriptormanager.obj
d:\myproject\backup_cogent_engine\build\cogent_engine.dir\debug\lightculling.obj
d:\myproject\backup_cogent_engine\build\cogent_engine.dir\debug\shadersystem.obj
d:\myproject\backup_cogent_engine\build\cogent_engine.dir\debug\hdrpipeline.obj
d:\myproject\backup_cogent_engine\build\cogent_engine.dir\debug\ssao.obj
d:\myproject\backup_cogent_engine\build\cogent_engine.dir\debug\taapass.obj
d:\myproject\backup_cogent_engine\build\cmakefiles\generate.stamp
d:\myproject\backup_cogent_engine\build\debug\cogent_engine.exe
d:\myproject\backup_cogent_engine\build\debug\cogent_engine.pdb
d:\myproject\backup_cogent_engine\build\cogent_engine.dir\debug\cogent_engine.ilk
d:\myproject\backup_cogent_engine\build\cogent_engine.dir\debug\cogent_engine.tlog\cl.command.1.tlog
d:\myproject\backup_cogent_engine\build\cogent_engine.dir\debug\cogent_engine.tlog\cl.items.tlog
d:\myproject\backup_cogent_engine\build\cogent_engine.dir\debug\cogent_engine.tlog\cl.read.1.tlog
d:\myproject\backup_cogent_engine\build\cogent_engine.dir\debug\cogent_engine.tlog\cl.write.1.tlog
d:\myproject\backup_cogent_engine\build\cogent_engine.dir\debug\cogent_engine.tlog\custombuild.command.1.tlog
d:\myproject\backup_cogent_engine\build\cogent_engine.dir\debug\cogent_engine.tlog\custombuild.read.1.tlog
d:\myproject\backup_cogent_engine\build\cogent_engine.dir\debug\cogent_engine.tlog\custombuild.write.1.tlog
d:\myproject\backup_cogent_engine\build\cogent_engine.dir\debug\cogent_engine.tlog\link.command.1.tlog
d:\myproject\backup_cogent_engine\build\cogent_engine.dir\debug\cogent_engine.tlog\link.read.1.tlog
d:\myproject\backup_cogent_engine\build\cogent_engine.dir\debug\cogent_engine.tlog\link.secondary.1.tlog
d:\myproject\backup_cogent_engine\build\cogent_engine.dir\debug\cogent_engine.tlog\link.write.1.tlog
