MSBuild version 17.12.6+db5f6012c for .NET Framework

  main.cpp
  RenderPipeline.cpp
  Model.cpp
  EditorUI.cpp
D:\MyProject\COGENT_ENGINE\Editor\EditorUI.cpp(463,9): warning C4996: 'strncpy': This function or variable may be unsafe. Consider using strncpy_s instead. To disable deprecation, use _CRT_SECURE_NO_WARNINGS. See online help for details. [D:\MyProject\COGENT_ENGINE\build\COGENT_Engine.vcxproj]
  PrimitiveMesh.cpp
D:\MyProject\COGENT_ENGINE\Editor\EditorUI.cpp(560,32): warning C4996: 'getenv': This function or variable may be unsafe. Consider using _dupenv_s instead. To disable deprecation, use _CRT_SECURE_NO_WARNINGS. See online help for details. [D:\MyProject\COGENT_ENGINE\build\COGENT_Engine.vcxproj]
D:\MyProject\COGENT_ENGINE\Editor\EditorUI.cpp(598,9): warning C4996: 'strncpy': This function or variable may be unsafe. Consider using strncpy_s instead. To disable deprecation, use _CRT_SECURE_NO_WARNINGS. See online help for details. [D:\MyProject\COGENT_ENGINE\build\COGENT_Engine.vcxproj]
D:\MyProject\COGENT_ENGINE\Editor\EditorUI.cpp(721,12): error C2664: 'ImGuiID ImGui::DockSpaceOverViewport(ImGuiID,const ImGuiViewport *,ImGuiDockNodeFlags,const ImGuiWindowClass *)': cannot convert argument 1 from 'ImGuiViewport *' to 'ImGuiID' [D:\MyProject\COGENT_ENGINE\build\COGENT_Engine.vcxproj]
      D:\MyProject\COGENT_ENGINE\Editor\EditorUI.cpp(721,56):
      There is no context in which this conversion is possible
      D:\MyProject\COGENT_ENGINE\Vendor\imgui\imgui.h(987,29):
      see declaration of 'ImGui::DockSpaceOverViewport'
      D:\MyProject\COGENT_ENGINE\Editor\EditorUI.cpp(721,12):
      while trying to match the argument list '(ImGuiViewport *, ImGuiDockNodeFlags_)'
  
D:\MyProject\COGENT_ENGINE\Editor\EditorUI.cpp(786,17): error C2065: 'currentGizmoOperation': undeclared identifier [D:\MyProject\COGENT_ENGINE\build\COGENT_Engine.vcxproj]
D:\MyProject\COGENT_ENGINE\Editor\EditorUI.cpp(787,17): error C2065: 'currentGizmoMode': undeclared identifier [D:\MyProject\COGENT_ENGINE\build\COGENT_Engine.vcxproj]
D:\MyProject\COGENT_ENGINE\Editor\EditorUI.cpp(806,49): error C2065: 'currentGizmoOperation': undeclared identifier [D:\MyProject\COGENT_ENGINE\build\COGENT_Engine.vcxproj]
D:\MyProject\COGENT_ENGINE\Editor\EditorUI.cpp(806,28): error C2661: 'ImGui::RadioButton': no overloaded function takes 1 arguments [D:\MyProject\COGENT_ENGINE\build\COGENT_Engine.vcxproj]
      D:\MyProject\COGENT_ENGINE\Editor\EditorUI.cpp(806,28):
      while trying to match the argument list '(const char [6])'
  
D:\MyProject\COGENT_ENGINE\Editor\EditorUI.cpp(806,96): error C2065: 'currentGizmoOperation': undeclared identifier [D:\MyProject\COGENT_ENGINE\build\COGENT_Engine.vcxproj]
D:\MyProject\COGENT_ENGINE\Editor\EditorUI.cpp(807,47): error C2065: 'currentGizmoOperation': undeclared identifier [D:\MyProject\COGENT_ENGINE\build\COGENT_Engine.vcxproj]
D:\MyProject\COGENT_ENGINE\Editor\EditorUI.cpp(807,28): error C2661: 'ImGui::RadioButton': no overloaded function takes 1 arguments [D:\MyProject\COGENT_ENGINE\build\COGENT_Engine.vcxproj]
      D:\MyProject\COGENT_ENGINE\Editor\EditorUI.cpp(807,28):
      while trying to match the argument list '(const char [4])'
  
D:\MyProject\COGENT_ENGINE\Editor\EditorUI.cpp(807,91): error C2065: 'currentGizmoOperation': undeclared identifier [D:\MyProject\COGENT_ENGINE\build\COGENT_Engine.vcxproj]
D:\MyProject\COGENT_ENGINE\Editor\EditorUI.cpp(808,49): error C2065: 'currentGizmoOperation': undeclared identifier [D:\MyProject\COGENT_ENGINE\build\COGENT_Engine.vcxproj]
D:\MyProject\COGENT_ENGINE\Editor\EditorUI.cpp(808,28): error C2661: 'ImGui::RadioButton': no overloaded function takes 1 arguments [D:\MyProject\COGENT_ENGINE\build\COGENT_Engine.vcxproj]
      D:\MyProject\COGENT_ENGINE\Editor\EditorUI.cpp(808,28):
      while trying to match the argument list '(const char [6])'
  
D:\MyProject\COGENT_ENGINE\Editor\EditorUI.cpp(808,92): error C2065: 'currentGizmoOperation': undeclared identifier [D:\MyProject\COGENT_ENGINE\build\COGENT_Engine.vcxproj]
  Generating Code...
