MSBuild version 17.12.6+db5f6012c for .NET Framework

  main.cpp
  RenderPipeline.cpp
D:\MyProject\COGENT_ENGINE\Engine\CogentEngine.hpp(24,10): error C1083: Cannot open include file: '../Renderer/Model.hpp': No such file or directory [D:\MyProject\COGENT_ENGINE\build\COGENT_Engine.vcxproj]
  (compiling source file '../main.cpp')
  
D:\MyProject\COGENT_ENGINE\Geometry\PrimitiveMesh.hpp(9,25): error C2039: 'Types': is not a member of 'Cogent' [D:\MyProject\COGENT_ENGINE\build\COGENT_Engine.vcxproj]
  (compiling source file '../Renderer/RenderPipeline.cpp')
      D:\MyProject\COGENT_ENGINE\Core\Math\Frustum.hpp(5,11):
      see declaration of 'Cogent'
  
D:\MyProject\COGENT_ENGINE\Geometry\PrimitiveMesh.hpp(9,25): error C3083: 'Types': the symbol to the left of a '::' must be a type [D:\MyProject\COGENT_ENGINE\build\COGENT_Engine.vcxproj]
  (compiling source file '../Renderer/RenderPipeline.cpp')
  
D:\MyProject\COGENT_ENGINE\Geometry\PrimitiveMesh.hpp(9,32): error C2039: 'Vertex': is not a member of 'Cogent' [D:\MyProject\COGENT_ENGINE\build\COGENT_Engine.vcxproj]
  (compiling source file '../Renderer/RenderPipeline.cpp')
      D:\MyProject\COGENT_ENGINE\Core\Math\Frustum.hpp(5,11):
      see declaration of 'Cogent'
  
  LightingPass.cpp
  Model.cpp
D:\MyProject\COGENT_ENGINE\Geometry\PrimitiveMesh.hpp(9,25): error C2039: 'Types': is not a member of 'Cogent' [D:\MyProject\COGENT_ENGINE\build\COGENT_Engine.vcxproj]
  (compiling source file '../Resources/Model.cpp')
      D:\MyProject\COGENT_ENGINE\Core\Math\Frustum.hpp(5,11):
      see declaration of 'Cogent'
  
D:\MyProject\COGENT_ENGINE\Geometry\PrimitiveMesh.hpp(9,25): error C3083: 'Types': the symbol to the left of a '::' must be a type [D:\MyProject\COGENT_ENGINE\build\COGENT_Engine.vcxproj]
  (compiling source file '../Resources/Model.cpp')
  
D:\MyProject\COGENT_ENGINE\Geometry\PrimitiveMesh.hpp(9,32): error C2039: 'Vertex': is not a member of 'Cogent' [D:\MyProject\COGENT_ENGINE\build\COGENT_Engine.vcxproj]
  (compiling source file '../Resources/Model.cpp')
      D:\MyProject\COGENT_ENGINE\Core\Math\Frustum.hpp(5,11):
      see declaration of 'Cogent'
  
  Texture.cpp
D:\MyProject\COGENT_ENGINE\Resources\Texture.cpp(13,11): error C2039: 'path': is not a member of 'Texture' [D:\MyProject\COGENT_ENGINE\build\COGENT_Engine.vcxproj]
      D:\MyProject\COGENT_ENGINE\Resources\Texture.hpp(6,7):
      see declaration of 'Texture'
  
D:\MyProject\COGENT_ENGINE\Resources\Texture.cpp(14,5): error C3861: 'loadCPU': identifier not found [D:\MyProject\COGENT_ENGINE\build\COGENT_Engine.vcxproj]
D:\MyProject\COGENT_ENGINE\Resources\Texture.cpp(24,9): error C2065: 'pixelData': undeclared identifier [D:\MyProject\COGENT_ENGINE\build\COGENT_Engine.vcxproj]
D:\MyProject\COGENT_ENGINE\Resources\Texture.cpp(49,18): error C2065: 'pixelData': undeclared identifier [D:\MyProject\COGENT_ENGINE\build\COGENT_Engine.vcxproj]
D:\MyProject\COGENT_ENGINE\Resources\Texture.cpp(49,5): error C2660: 'memcpy': function does not take 2 arguments [D:\MyProject\COGENT_ENGINE\build\COGENT_Engine.vcxproj]
      D:\VisuakStudio\VC\Tools\MSVC\14.42.34433\include\vcruntime_string.h(43,15):
      see declaration of 'memcpy'
      D:\MyProject\COGENT_ENGINE\Resources\Texture.cpp(49,5):
      while trying to match the argument list '(void *, size_t)'
  
D:\MyProject\COGENT_ENGINE\Resources\Texture.cpp(96,5): error C2065: 'state': undeclared identifier [D:\MyProject\COGENT_ENGINE\build\COGENT_Engine.vcxproj]
D:\MyProject\COGENT_ENGINE\Resources\Texture.cpp(96,13): error C2653: 'Cogent': is not a class or namespace name [D:\MyProject\COGENT_ENGINE\build\COGENT_Engine.vcxproj]
D:\MyProject\COGENT_ENGINE\Resources\Texture.cpp(96,48): error C2065: 'RESIDENT': undeclared identifier [D:\MyProject\COGENT_ENGINE\build\COGENT_Engine.vcxproj]
D:\MyProject\COGENT_ENGINE\Resources\Texture.cpp(99,15): error C2039: 'loadCPU': is not a member of 'Texture' [D:\MyProject\COGENT_ENGINE\build\COGENT_Engine.vcxproj]
      D:\MyProject\COGENT_ENGINE\Resources\Texture.hpp(6,7):
      see declaration of 'Texture'
  
D:\MyProject\COGENT_ENGINE\Resources\Texture.cpp(100,5): error C2065: 'state': undeclared identifier [D:\MyProject\COGENT_ENGINE\build\COGENT_Engine.vcxproj]
D:\MyProject\COGENT_ENGINE\Resources\Texture.cpp(100,13): error C2653: 'Cogent': is not a class or namespace name [D:\MyProject\COGENT_ENGINE\build\COGENT_Engine.vcxproj]
D:\MyProject\COGENT_ENGINE\Resources\Texture.cpp(100,48): error C2065: 'LOADING': undeclared identifier [D:\MyProject\COGENT_ENGINE\build\COGENT_Engine.vcxproj]
D:\MyProject\COGENT_ENGINE\Resources\Texture.cpp(103,33): error C2065: 'path': undeclared identifier [D:\MyProject\COGENT_ENGINE\build\COGENT_Engine.vcxproj]
D:\MyProject\COGENT_ENGINE\Resources\Texture.cpp(103,71): error C2065: 'texChannels': undeclared identifier [D:\MyProject\COGENT_ENGINE\build\COGENT_Engine.vcxproj]
D:\MyProject\COGENT_ENGINE\Resources\Texture.cpp(105,5): error C2065: 'isFallback': undeclared identifier [D:\MyProject\COGENT_ENGINE\build\COGENT_Engine.vcxproj]
D:\MyProject\COGENT_ENGINE\Resources\Texture.cpp(107,59): error C2065: 'path': undeclared identifier [D:\MyProject\COGENT_ENGINE\build\COGENT_Engine.vcxproj]
D:\MyProject\COGENT_ENGINE\Resources\Texture.cpp(108,38): error C2065: 'texChannels': undeclared identifier [D:\MyProject\COGENT_ENGINE\build\COGENT_Engine.vcxproj]
D:\MyProject\COGENT_ENGINE\Resources\Texture.cpp(109,9): error C2065: 'pixelData': undeclared identifier [D:\MyProject\COGENT_ENGINE\build\COGENT_Engine.vcxproj]
D:\MyProject\COGENT_ENGINE\Resources\Texture.cpp(110,9): error C2065: 'pixelData': undeclared identifier [D:\MyProject\COGENT_ENGINE\build\COGENT_Engine.vcxproj]
D:\MyProject\COGENT_ENGINE\Resources\Texture.cpp(110,29): error C2065: 'pixelData': undeclared identifier [D:\MyProject\COGENT_ENGINE\build\COGENT_Engine.vcxproj]
D:\MyProject\COGENT_ENGINE\Resources\Texture.cpp(110,49): error C2065: 'pixelData': undeclared identifier [D:\MyProject\COGENT_ENGINE\build\COGENT_Engine.vcxproj]
D:\MyProject\COGENT_ENGINE\Resources\Texture.cpp(110,69): error C2065: 'pixelData': undeclared identifier [D:\MyProject\COGENT_ENGINE\build\COGENT_Engine.vcxproj]
D:\MyProject\COGENT_ENGINE\Resources\Texture.cpp(111,9): error C2065: 'isFallback': undeclared identifier [D:\MyProject\COGENT_ENGINE\build\COGENT_Engine.vcxproj]
D:\MyProject\COGENT_ENGINE\Resources\Texture.cpp(113,9): error C2065: 'width': undeclared identifier [D:\MyProject\COGENT_ENGINE\build\COGENT_Engine.vcxproj]
D:\MyProject\COGENT_ENGINE\Resources\Texture.cpp(114,9): error C2065: 'height': undeclared identifier [D:\MyProject\COGENT_ENGINE\build\COGENT_Engine.vcxproj]
D:\MyProject\COGENT_ENGINE\Resources\Texture.cpp(115,29): error C2065: 'width': undeclared identifier [D:\MyProject\COGENT_ENGINE\build\COGENT_Engine.vcxproj]
D:\MyProject\COGENT_ENGINE\Resources\Texture.cpp(115,37): error C2065: 'height': undeclared identifier [D:\MyProject\COGENT_ENGINE\build\COGENT_Engine.vcxproj]
D:\MyProject\COGENT_ENGINE\Resources\Texture.cpp(116,9): error C2065: 'pixelData': undeclared identifier [D:\MyProject\COGENT_ENGINE\build\COGENT_Engine.vcxproj]
D:\MyProject\COGENT_ENGINE\Resources\Texture.cpp(117,16): error C2065: 'pixelData': undeclared identifier [D:\MyProject\COGENT_ENGINE\build\COGENT_Engine.vcxproj]
D:\MyProject\COGENT_ENGINE\Resources\Texture.cpp(121,5): error C2065: 'state': undeclared identifier [D:\MyProject\COGENT_ENGINE\build\COGENT_Engine.vcxproj]
D:\MyProject\COGENT_ENGINE\Resources\Texture.cpp(121,13): error C2653: 'Cogent': is not a class or namespace name [D:\MyProject\COGENT_ENGINE\build\COGENT_Engine.vcxproj]
D:\MyProject\COGENT_ENGINE\Resources\Texture.cpp(121,48): error C2065: 'LOADED_CPU': undeclared identifier [D:\MyProject\COGENT_ENGINE\build\COGENT_Engine.vcxproj]
D:\MyProject\COGENT_ENGINE\Resources\Texture.cpp(124,15): error C2039: 'uploadGPU': is not a member of 'Texture' [D:\MyProject\COGENT_ENGINE\build\COGENT_Engine.vcxproj]
      D:\MyProject\COGENT_ENGINE\Resources\Texture.hpp(6,7):
      see declaration of 'Texture'
  
D:\MyProject\COGENT_ENGINE\Resources\Texture.cpp(124,25): error C2653: 'Cogent': is not a class or namespace name [D:\MyProject\COGENT_ENGINE\build\COGENT_Engine.vcxproj]
D:\MyProject\COGENT_ENGINE\Resources\Texture.cpp(125,9): error C2065: 'pixelData': undeclared identifier [D:\MyProject\COGENT_ENGINE\build\COGENT_Engine.vcxproj]
D:\MyProject\COGENT_ENGINE\Resources\Texture.cpp(127,5): error C2065: 'state': undeclared identifier [D:\MyProject\COGENT_ENGINE\build\COGENT_Engine.vcxproj]
D:\MyProject\COGENT_ENGINE\Resources\Texture.cpp(127,13): error C2653: 'Cogent': is not a class or namespace name [D:\MyProject\COGENT_ENGINE\build\COGENT_Engine.vcxproj]
D:\MyProject\COGENT_ENGINE\Resources\Texture.cpp(127,48): error C2065: 'UPLOADING': undeclared identifier [D:\MyProject\COGENT_ENGINE\build\COGENT_Engine.vcxproj]
D:\MyProject\COGENT_ENGINE\Resources\Texture.cpp(137,30): error C2065: 'width': undeclared identifier [D:\MyProject\COGENT_ENGINE\build\COGENT_Engine.vcxproj]
D:\MyProject\COGENT_ENGINE\Resources\Texture.cpp(137,38): error C2065: 'height': undeclared identifier [D:\MyProject\COGENT_ENGINE\build\COGENT_Engine.vcxproj]
D:\MyProject\COGENT_ENGINE\Resources\Texture.cpp(159,18): error C2065: 'pixelData': undeclared identifier [D:\MyProject\COGENT_ENGINE\build\COGENT_Engine.vcxproj]
D:\MyProject\COGENT_ENGINE\Resources\Texture.cpp(159,5): error C2660: 'memcpy': function does not take 2 arguments [D:\MyProject\COGENT_ENGINE\build\COGENT_Engine.vcxproj]
      D:\VisuakStudio\VC\Tools\MSVC\14.42.34433\include\vcruntime_string.h(43,15):
      see declaration of 'memcpy'
      D:\MyProject\COGENT_ENGINE\Resources\Texture.cpp(159,5):
      while trying to match the argument list '(void *, size_t)'
  
D:\MyProject\COGENT_ENGINE\Resources\Texture.cpp(163,5): error C2065: 'pixelData': undeclared identifier [D:\MyProject\COGENT_ENGINE\build\COGENT_Engine.vcxproj]
D:\MyProject\COGENT_ENGINE\Resources\Texture.cpp(164,5): error C2065: 'pixelData': undeclared identifier [D:\MyProject\COGENT_ENGINE\build\COGENT_Engine.vcxproj]
D:\MyProject\COGENT_ENGINE\Resources\Texture.cpp(166,39): error C2065: 'width': undeclared identifier [D:\MyProject\COGENT_ENGINE\build\COGENT_Engine.vcxproj]
D:\MyProject\COGENT_ENGINE\Resources\Texture.cpp(166,46): error C2065: 'height': undeclared identifier [D:\MyProject\COGENT_ENGINE\build\COGENT_Engine.vcxproj]
D:\MyProject\COGENT_ENGINE\Resources\Texture.cpp(166,203): error C2065: 'textureImage': undeclared identifier [D:\MyProject\COGENT_ENGINE\build\COGENT_Engine.vcxproj]
D:\MyProject\COGENT_ENGINE\Resources\Texture.cpp(166,217): error C2065: 'textureImageMemory': undeclared identifier [D:\MyProject\COGENT_ENGINE\build\COGENT_Engine.vcxproj]
D:\MyProject\COGENT_ENGINE\Resources\Texture.cpp(166,5): error C3861: 'createImage': identifier not found [D:\MyProject\COGENT_ENGINE\build\COGENT_Engine.vcxproj]
D:\MyProject\COGENT_ENGINE\Resources\Texture.cpp(168,53): error C2065: 'textureImage': undeclared identifier [D:\MyProject\COGENT_ENGINE\build\COGENT_Engine.vcxproj]
D:\MyProject\COGENT_ENGINE\Resources\Texture.cpp(168,5): error C3861: 'transitionImageLayout': identifier not found [D:\MyProject\COGENT_ENGINE\build\COGENT_Engine.vcxproj]
D:\MyProject\COGENT_ENGINE\Resources\Texture.cpp(169,64): error C2065: 'textureImage': undeclared identifier [D:\MyProject\COGENT_ENGINE\build\COGENT_Engine.vcxproj]
D:\MyProject\COGENT_ENGINE\Resources\Texture.cpp(169,78): error C2065: 'width': undeclared identifier [D:\MyProject\COGENT_ENGINE\build\COGENT_Engine.vcxproj]
D:\MyProject\COGENT_ENGINE\Resources\Texture.cpp(169,85): error C2065: 'height': undeclared identifier [D:\MyProject\COGENT_ENGINE\build\COGENT_Engine.vcxproj]
D:\MyProject\COGENT_ENGINE\Resources\Texture.cpp(169,5): error C3861: 'copyBufferToImage': identifier not found [D:\MyProject\COGENT_ENGINE\build\COGENT_Engine.vcxproj]
D:\MyProject\COGENT_ENGINE\Resources\Texture.cpp(170,53): error C2065: 'textureImage': undeclared identifier [D:\MyProject\COGENT_ENGINE\build\COGENT_Engine.vcxproj]
D:\MyProject\COGENT_ENGINE\Resources\Texture.cpp(170,5): error C3861: 'transitionImageLayout': identifier not found [D:\MyProject\COGENT_ENGINE\build\COGENT_Engine.vcxproj]
D:\MyProject\COGENT_ENGINE\Resources\Texture.cpp(176,22): error C2065: 'textureImage': undeclared identifier [D:\MyProject\COGENT_ENGINE\build\COGENT_Engine.vcxproj]
D:\MyProject\COGENT_ENGINE\Resources\Texture.cpp(184,54): error C2065: 'textureImageView': undeclared identifier [D:\MyProject\COGENT_ENGINE\build\COGENT_Engine.vcxproj]
D:\MyProject\COGENT_ENGINE\Resources\Texture.cpp(204,55): error C2065: 'textureSampler': undeclared identifier [D:\MyProject\COGENT_ENGINE\build\COGENT_Engine.vcxproj]
D:\MyProject\COGENT_ENGINE\Resources\Texture.cpp(206,5): error C2065: 'state': undeclared identifier [D:\MyProject\COGENT_ENGINE\build\COGENT_Engine.vcxproj]
D:\MyProject\COGENT_ENGINE\Resources\Texture.cpp(206,13): error C2653: 'Cogent': is not a class or namespace name [D:\MyProject\COGENT_ENGINE\build\COGENT_Engine.vcxproj]
D:\MyProject\COGENT_ENGINE\Resources\Texture.cpp(206,48): error C2065: 'RESIDENT': undeclared identifier [D:\MyProject\COGENT_ENGINE\build\COGENT_Engine.vcxproj]
D:\MyProject\COGENT_ENGINE\Resources\Texture.cpp(209,15): error C2039: 'unload': is not a member of 'Texture' [D:\MyProject\COGENT_ENGINE\build\COGENT_Engine.vcxproj]
      D:\MyProject\COGENT_ENGINE\Resources\Texture.hpp(6,7):
      see declaration of 'Texture'
  
D:\MyProject\COGENT_ENGINE\Resources\Texture.cpp(218,10): error C2065: 'textureImage': undeclared identifier [D:\MyProject\COGENT_ENGINE\build\COGENT_Engine.vcxproj]
D:\MyProject\COGENT_ENGINE\Resources\Texture.cpp(224,6): error C2065: 'pixelData': undeclared identifier [D:\MyProject\COGENT_ENGINE\build\COGENT_Engine.vcxproj]
D:\MyProject\COGENT_ENGINE\Resources\Texture.cpp(225,6): error C2065: 'pixelData': undeclared identifier [D:\MyProject\COGENT_ENGINE\build\COGENT_Engine.vcxproj]
D:\MyProject\COGENT_ENGINE\Resources\Texture.cpp(226,6): error C2065: 'state': undeclared identifier [D:\MyProject\COGENT_ENGINE\build\COGENT_Engine.vcxproj]
D:\MyProject\COGENT_ENGINE\Resources\Texture.cpp(226,14): error C2653: 'Cogent': is not a class or namespace name [D:\MyProject\COGENT_ENGINE\build\COGENT_Engine.vcxproj]
D:\MyProject\COGENT_ENGINE\Resources\Texture.cpp(226,49): error C2065: 'UNLOADED': undeclared identifier [D:\MyProject\COGENT_ENGINE\build\COGENT_Engine.vcxproj]
D:\MyProject\COGENT_ENGINE\Resources\Texture.cpp(240,5): error C2065: 'state': undeclared identifier [D:\MyProject\COGENT_ENGINE\build\COGENT_Engine.vcxproj]
D:\MyProject\COGENT_ENGINE\Resources\Texture.cpp(240,13): error C2653: 'Cogent': is not a class or namespace name [D:\MyProject\COGENT_ENGINE\build\COGENT_Engine.vcxproj]
D:\MyProject\COGENT_ENGINE\Resources\Texture.cpp(240,48): error C2065: 'UNLOADED': undeclared identifier [D:\MyProject\COGENT_ENGINE\build\COGENT_Engine.vcxproj]
  PrimitiveMesh.cpp
D:\MyProject\COGENT_ENGINE\Geometry\PrimitiveMesh.hpp(9,25): error C2039: 'Types': is not a member of 'Cogent' [D:\MyProject\COGENT_ENGINE\build\COGENT_Engine.vcxproj]
  (compiling source file '../Geometry/PrimitiveMesh.cpp')
      D:\MyProject\COGENT_ENGINE\Core\Math\Frustum.hpp(5,11):
      see declaration of 'Cogent'
  
D:\MyProject\COGENT_ENGINE\Geometry\PrimitiveMesh.hpp(9,25): error C3083: 'Types': the symbol to the left of a '::' must be a type [D:\MyProject\COGENT_ENGINE\build\COGENT_Engine.vcxproj]
  (compiling source file '../Geometry/PrimitiveMesh.cpp')
  
D:\MyProject\COGENT_ENGINE\Geometry\PrimitiveMesh.hpp(9,32): error C2039: 'Vertex': is not a member of 'Cogent' [D:\MyProject\COGENT_ENGINE\build\COGENT_Engine.vcxproj]
  (compiling source file '../Geometry/PrimitiveMesh.cpp')
      D:\MyProject\COGENT_ENGINE\Core\Math\Frustum.hpp(5,11):
      see declaration of 'Cogent'
  
D:\MyProject\COGENT_ENGINE\Geometry\PrimitiveMesh.cpp(14,28): error C2065: 'PI': undeclared identifier [D:\MyProject\COGENT_ENGINE\build\COGENT_Engine.vcxproj]
D:\MyProject\COGENT_ENGINE\Geometry\PrimitiveMesh.cpp(14,41): error C2065: 'PI': undeclared identifier [D:\MyProject\COGENT_ENGINE\build\COGENT_Engine.vcxproj]
D:\MyProject\COGENT_ENGINE\Geometry\PrimitiveMesh.cpp(19,41): error C2065: 'PI': undeclared identifier [D:\MyProject\COGENT_ENGINE\build\COGENT_Engine.vcxproj]
D:\MyProject\COGENT_ENGINE\Geometry\PrimitiveMesh.cpp(123,59): error C2065: 'PI': undeclared identifier [D:\MyProject\COGENT_ENGINE\build\COGENT_Engine.vcxproj]
D:\MyProject\COGENT_ENGINE\Geometry\PrimitiveMesh.cpp(152,59): error C2065: 'PI': undeclared identifier [D:\MyProject\COGENT_ENGINE\build\COGENT_Engine.vcxproj]
D:\MyProject\COGENT_ENGINE\Geometry\PrimitiveMesh.cpp(189,41): error C2065: 'PI': undeclared identifier [D:\MyProject\COGENT_ENGINE\build\COGENT_Engine.vcxproj]
D:\MyProject\COGENT_ENGINE\Geometry\PrimitiveMesh.cpp(196,35): error C2065: 'PI': undeclared identifier [D:\MyProject\COGENT_ENGINE\build\COGENT_Engine.vcxproj]
  RayTracer.cpp
  CogentEngine.cpp
D:\MyProject\COGENT_ENGINE\Engine\CogentEngine.hpp(24,10): error C1083: Cannot open include file: '../Renderer/Model.hpp': No such file or directory [D:\MyProject\COGENT_ENGINE\build\COGENT_Engine.vcxproj]
  (compiling source file '../Engine/CogentEngine.cpp')
  
  GraphicsDevice.cpp
D:\MyProject\COGENT_ENGINE\Core\Logger.hpp(87,73): warning C4996: 'localtime': This function or variable may be unsafe. Consider using localtime_s instead. To disable deprecation, use _CRT_SECURE_NO_WARNINGS. See online help for details. [D:\MyProject\COGENT_ENGINE\build\COGENT_Engine.vcxproj]
  (compiling source file '../Core/Graphics/GraphicsDevice.cpp')
  
D:\MyProject\COGENT_ENGINE\Core\Graphics\GraphicsDevice.cpp(29,21): error C2039: 'presentFamily': is not a member of 'QueueFamilyIndices' [D:\MyProject\COGENT_ENGINE\build\COGENT_Engine.vcxproj]
      D:\MyProject\COGENT_ENGINE\Core\Graphics\GraphicsDevice.hpp(8,8):
      see declaration of 'QueueFamilyIndices'
  
D:\MyProject\COGENT_ENGINE\Core\Graphics\GraphicsDevice.cpp(103,87): error C2039: 'presentFamily': is not a member of 'QueueFamilyIndices' [D:\MyProject\COGENT_ENGINE\build\COGENT_Engine.vcxproj]
      D:\MyProject\COGENT_ENGINE\Core\Graphics\GraphicsDevice.hpp(8,8):
      see declaration of 'QueueFamilyIndices'
  
D:\MyProject\COGENT_ENGINE\Core\Graphics\GraphicsDevice.cpp(133,38): error C2039: 'presentFamily': is not a member of 'QueueFamilyIndices' [D:\MyProject\COGENT_ENGINE\build\COGENT_Engine.vcxproj]
      D:\MyProject\COGENT_ENGINE\Core\Graphics\GraphicsDevice.hpp(8,8):
      see declaration of 'QueueFamilyIndices'
  
D:\MyProject\COGENT_ENGINE\Core\Graphics\GraphicsDevice.cpp(133,5): error C2660: 'vkGetDeviceQueue': function does not take 3 arguments [D:\MyProject\COGENT_ENGINE\build\COGENT_Engine.vcxproj]
      D:\SDK\Vulkan\include\vulkan\vulkan_core.h(4593,28):
      see declaration of 'vkGetDeviceQueue'
      D:\MyProject\COGENT_ENGINE\Core\Graphics\GraphicsDevice.cpp(133,5):
      while trying to match the argument list '(VkDevice, int, VkQueue *)'
  
  Swapchain.cpp
D:\MyProject\COGENT_ENGINE\Core\Logger.hpp(87,73): warning C4996: 'localtime': This function or variable may be unsafe. Consider using localtime_s instead. To disable deprecation, use _CRT_SECURE_NO_WARNINGS. See online help for details. [D:\MyProject\COGENT_ENGINE\build\COGENT_Engine.vcxproj]
  (compiling source file '../Core/Graphics/Swapchain.cpp')
  
  DeferredLightingPass.cpp
D:\MyProject\COGENT_ENGINE\Core\Logger.hpp(87,73): warning C4996: 'localtime': This function or variable may be unsafe. Consider using localtime_s instead. To disable deprecation, use _CRT_SECURE_NO_WARNINGS. See online help for details. [D:\MyProject\COGENT_ENGINE\build\COGENT_Engine.vcxproj]
  (compiling source file '../Renderer/DeferredLightingPass.cpp')
  
D:\MyProject\COGENT_ENGINE\Renderer\DeferredLightingPass.cpp(124,39): error C2039: 'getPositionImageView': is not a member of 'GBuffer' [D:\MyProject\COGENT_ENGINE\build\COGENT_Engine.vcxproj]
      D:\MyProject\COGENT_ENGINE\Renderer\GBuffer.hpp(7,7):
      see declaration of 'GBuffer'
  
D:\MyProject\COGENT_ENGINE\Renderer\DeferredLightingPass.cpp(129,39): error C2039: 'getNormalImageView': is not a member of 'GBuffer' [D:\MyProject\COGENT_ENGINE\build\COGENT_Engine.vcxproj]
      D:\MyProject\COGENT_ENGINE\Renderer\GBuffer.hpp(7,7):
      see declaration of 'GBuffer'
  
D:\MyProject\COGENT_ENGINE\Renderer\DeferredLightingPass.cpp(134,39): error C2039: 'getAlbedoImageView': is not a member of 'GBuffer' [D:\MyProject\COGENT_ENGINE\build\COGENT_Engine.vcxproj]
      D:\MyProject\COGENT_ENGINE\Renderer\GBuffer.hpp(7,7):
      see declaration of 'GBuffer'
  
  ShadowPass.cpp
D:\MyProject\COGENT_ENGINE\Renderer\ShadowPass.cpp(299,36): error C2039: 'lookAt': is not a member of 'glm' [D:\MyProject\COGENT_ENGINE\build\COGENT_Engine.vcxproj]
      D:\SDK\GLM\glm\detail\func_integer.inl(10,11):
      see declaration of 'glm'
  
D:\MyProject\COGENT_ENGINE\Renderer\ShadowPass.cpp(299,36): error C3861: 'lookAt': identifier not found [D:\MyProject\COGENT_ENGINE\build\COGENT_Engine.vcxproj]
D:\MyProject\COGENT_ENGINE\Renderer\ShadowPass.cpp(308,38): error C2039: 'scale': is not a member of 'glm' [D:\MyProject\COGENT_ENGINE\build\COGENT_Engine.vcxproj]
      D:\SDK\GLM\glm\detail\func_integer.inl(10,11):
      see declaration of 'glm'
  
D:\MyProject\COGENT_ENGINE\Renderer\ShadowPass.cpp(308,38): error C3861: 'scale': identifier not found [D:\MyProject\COGENT_ENGINE\build\COGENT_Engine.vcxproj]
D:\MyProject\COGENT_ENGINE\Renderer\ShadowPass.cpp(318,26): error C2039: 'lookAt': is not a member of 'glm' [D:\MyProject\COGENT_ENGINE\build\COGENT_Engine.vcxproj]
      D:\SDK\GLM\glm\detail\func_integer.inl(10,11):
      see declaration of 'glm'
  
D:\MyProject\COGENT_ENGINE\Renderer\ShadowPass.cpp(318,26): error C3861: 'lookAt': identifier not found [D:\MyProject\COGENT_ENGINE\build\COGENT_Engine.vcxproj]
D:\MyProject\COGENT_ENGINE\Renderer\ShadowPass.cpp(356,26): error C2039: 'lookAt': is not a member of 'glm' [D:\MyProject\COGENT_ENGINE\build\COGENT_Engine.vcxproj]
      D:\SDK\GLM\glm\detail\func_integer.inl(10,11):
      see declaration of 'glm'
  
D:\MyProject\COGENT_ENGINE\Renderer\ShadowPass.cpp(356,26): error C3861: 'lookAt': identifier not found [D:\MyProject\COGENT_ENGINE\build\COGENT_Engine.vcxproj]
D:\MyProject\COGENT_ENGINE\Renderer\ShadowPass.cpp(366,26): error C2039: 'lookAt': is not a member of 'glm' [D:\MyProject\COGENT_ENGINE\build\COGENT_Engine.vcxproj]
      D:\SDK\GLM\glm\detail\func_integer.inl(10,11):
      see declaration of 'glm'
  
D:\MyProject\COGENT_ENGINE\Renderer\ShadowPass.cpp(366,26): error C3861: 'lookAt': identifier not found [D:\MyProject\COGENT_ENGINE\build\COGENT_Engine.vcxproj]
D:\MyProject\COGENT_ENGINE\Renderer\ShadowPass.cpp(393,36): error C2039: 'ortho': is not a member of 'glm' [D:\MyProject\COGENT_ENGINE\build\COGENT_Engine.vcxproj]
      D:\SDK\GLM\glm\detail\func_integer.inl(10,11):
      see declaration of 'glm'
  
D:\MyProject\COGENT_ENGINE\Renderer\ShadowPass.cpp(393,36): error C3861: 'ortho': identifier not found [D:\MyProject\COGENT_ENGINE\build\COGENT_Engine.vcxproj]
  ScreenSpaceShadows.cpp
D:\MyProject\COGENT_ENGINE\Renderer\ScreenSpaceShadows.cpp(94,73): error C2065: 'descriptorPool': undeclared identifier [D:\MyProject\COGENT_ENGINE\build\COGENT_Engine.vcxproj]
D:\MyProject\COGENT_ENGINE\Renderer\ScreenSpaceShadows.cpp(133,9): error C2065: 'descriptorSet': undeclared identifier [D:\MyProject\COGENT_ENGINE\build\COGENT_Engine.vcxproj]
D:\MyProject\COGENT_ENGINE\Renderer\ScreenSpaceShadows.cpp(138,36): error C2065: 'descriptorPool': undeclared identifier [D:\MyProject\COGENT_ENGINE\build\COGENT_Engine.vcxproj]
D:\MyProject\COGENT_ENGINE\Renderer\ScreenSpaceShadows.cpp(141,67): error C2065: 'descriptorSet': undeclared identifier [D:\MyProject\COGENT_ENGINE\build\COGENT_Engine.vcxproj]
D:\MyProject\COGENT_ENGINE\Renderer\ScreenSpaceShadows.cpp(161,24): error C2065: 'descriptorSet': undeclared identifier [D:\MyProject\COGENT_ENGINE\build\COGENT_Engine.vcxproj]
D:\MyProject\COGENT_ENGINE\Renderer\ScreenSpaceShadows.cpp(168,24): error C2065: 'descriptorSet': undeclared identifier [D:\MyProject\COGENT_ENGINE\build\COGENT_Engine.vcxproj]
D:\MyProject\COGENT_ENGINE\Renderer\ScreenSpaceShadows.cpp(175,24): error C2065: 'descriptorSet': undeclared identifier [D:\MyProject\COGENT_ENGINE\build\COGENT_Engine.vcxproj]
D:\MyProject\COGENT_ENGINE\Renderer\ScreenSpaceShadows.cpp(190,89): error C2065: 'descriptorSet': undeclared identifier [D:\MyProject\COGENT_ENGINE\build\COGENT_Engine.vcxproj]
  VisibilitySystem.cpp
  ANSRPass.cpp
D:\MyProject\COGENT_ENGINE\Core\Logger.hpp(87,73): warning C4996: 'localtime': This function or variable may be unsafe. Consider using localtime_s instead. To disable deprecation, use _CRT_SECURE_NO_WARNINGS. See online help for details. [D:\MyProject\COGENT_ENGINE\build\COGENT_Engine.vcxproj]
  (compiling source file '../Renderer/ANSR/ANSRPass.cpp')
  
D:\MyProject\COGENT_ENGINE\Renderer\ANSR\ANSRPass.cpp(177,10): error C2065: 'colorInfo': undeclared identifier [D:\MyProject\COGENT_ENGINE\build\COGENT_Engine.vcxproj]
D:\MyProject\COGENT_ENGINE\Renderer\ANSR\ANSRPass.cpp(178,10): error C2065: 'colorInfo': undeclared identifier [D:\MyProject\COGENT_ENGINE\build\COGENT_Engine.vcxproj]
D:\MyProject\COGENT_ENGINE\Renderer\ANSR\ANSRPass.cpp(207,44): error C2065: 'colorInfo': undeclared identifier [D:\MyProject\COGENT_ENGINE\build\COGENT_Engine.vcxproj]
  AutoExposurePass.cpp
D:\MyProject\COGENT_ENGINE\Renderer\PostProcess\AutoExposurePass.cpp(43,50): error C2039: 'findMemoryType': is not a member of 'VulkanUtils' [D:\MyProject\COGENT_ENGINE\build\COGENT_Engine.vcxproj]
      D:\MyProject\COGENT_ENGINE\Core\VulkanUtils.hpp(20,11):
      see declaration of 'VulkanUtils'
  
D:\MyProject\COGENT_ENGINE\Renderer\PostProcess\AutoExposurePass.cpp(103,28): error C2084: function 'void Cogent::Renderer::AutoExposurePass::createPipeline(void)' already has a body [D:\MyProject\COGENT_ENGINE\build\COGENT_Engine.vcxproj]
      D:\MyProject\COGENT_ENGINE\Renderer\PostProcess\AutoExposurePass.cpp(51,28):
      see previous definition of 'Cogent::Renderer::AutoExposurePass::createPipeline'
  
  VulkanUtils.cpp
D:\MyProject\COGENT_ENGINE\Core\VulkanUtils.cpp(91,10): error C2601: 'transitionImageLayout': local function definitions are illegal [D:\MyProject\COGENT_ENGINE\build\COGENT_Engine.vcxproj]
      D:\MyProject\COGENT_ENGINE\Core\VulkanUtils.cpp(74,114):
      this line contains a '{' which has not yet been matched
  
D:\MyProject\COGENT_ENGINE\Core\VulkanUtils.cpp(6,23): error C1075: '{': no matching token found [D:\MyProject\COGENT_ENGINE\build\COGENT_Engine.vcxproj]
  Generating Code...
